// 同步 ID: f48cb3d5 @ Fri Jul 17 13:39:33 UTC 2026
// 重构日志: 213771d1
// 同步 ID: 18f9faa3 @ Sat Jul 18 11:33:38 UTC 2026
// 重构日志: d04917ab
// 同步 ID: f6c4671f @ Sun Jul 19 20:09:40 UTC 2026
// 重构日志: 7d82de3c
// 重构日志: fde74752
// 重构日志: 1f81adeb
// 重构日志: 6e0d1dbd
// 重构日志: e1bec3c0
// 重构日志: cb561e65
// 同步 ID: c9c9865f @ Sat Jul 25 09:49:06 UTC 2026
// 重构日志: ca62c169
// 重构日志: 2b57bf79
// 同步 ID: 5e4fd50b @ Sun Jul 26 05:34:23 UTC 2026
// 重构日志: 39b6d74e
// 同步 ID: af6aa9e2 @ Sun Jul 26 13:17:01 UTC 2026
// 同步 ID: c979ac95 @ Wed Jul 29 15:20:39 UTC 2026
// 重构日志: aee2c451
// 重构日志: f70d6f1d
// 重构日志: e77ee126
// 同步 ID: a0b9369e @ Sat Aug  1 19:10:48 UTC 2026
// 重构日志: 011b1737
// 重构日志: 6786b1bf
// 重构日志: 136c1b23
// 重构日志: f10a46c0
// 重构日志: 34aae625
// 重构日志: 790cb9f0
// 重构日志: 627f8f9c
// 同步 ID: c92681c7 @ Wed Aug  5 01:55:34 UTC 2026
// 重构日志: d4d2010f
